[pre-commit] ruff (undefined-name F821/F822/F823)...
[pre-commit] ruff OK.
[pre-commit] pytest (suita intreaga, ~36 min pe ~6.190 de teste; durata reala a fiecarei rulari respinse e in .poarta_jurnal.log)...
6247 passed, 7 skipped, 10 xfailed in 2119.49s (0:35:19)
[pre-commit] verificator:   TOTAL scanat 207 = ACCEPTAT 206 + GRI 0 + ROSU 0 + EXCLUS 1
  TOTAL rute 421 = ACCEPTAT 382 + GRI 7 + ROSU 0 + EXCLUS 32  (clichet GRI 7)
TOTAL: 0 candidate
[pre-commit] OK - poarta verde, commit permis.
[post-commit] publicat pe origin/main: b56bdca8
[post-commit] publicat pe public/main: b56bdca8
[post-commit] backup publicat: backup/lant-2026-09-17 -> b56bdca8
[post-commit] static publicat: publicat in /home/costin/iconta_publicat/static <- commit b56bdca8 (56 fisiere)
[post-commit] iconta-nou restartat -> procesul viu preia b56bdca8
[four-way] asteptati 2 (Environment= din unitatea iconta-nou) · gasiti 2
[four-way] TOATE procesele de productie poarta HEAD: 2 din 2
[post-commit] FOUR-WAY INCHIS: HEAD = origin/main = backup/lant-2026-09-17 = procesul viu
[main b56bdca8] starea lanțului, scrisă la 0Z: „în așteptarea folosirii", nu „în așteptarea unei teme"
 6 files changed, 691 insertions(+), 2 deletions(-)
 create mode 100644 audit/CE_NU_SE_POATE_VERIFICA.md
 create mode 100644 audit/CUM_RULEZI_POARTA.md
 create mode 100644 audit/INDEX.md
 create mode 100755 audit/pachet.sh
 create mode 100644 audit/scan_secrete.py
EXIT=0
